[2025-11-15T19:03:09.062+0000] {local_task_job_runner.py:123} INFO - ::group::Pre task execution logs
[2025-11-15T19:03:09.073+0000] {taskinstance.py:2612} INFO - Dependencies all met for dep_context=non-requeueable deps ti=<TaskInstance: rodar_script_php.executar_php manual__2025-11-15T19:03:07.968102+00:00 [queued]>
[2025-11-15T19:03:09.079+0000] {taskinstance.py:2612} INFO - Dependencies all met for dep_context=requeueable deps ti=<TaskInstance: rodar_script_php.executar_php manual__2025-11-15T19:03:07.968102+00:00 [queued]>
[2025-11-15T19:03:09.079+0000] {taskinstance.py:2865} INFO - Starting attempt 1 of 2
[2025-11-15T19:03:09.087+0000] {taskinstance.py:2888} INFO - Executing <Task(DockerOperator): executar_php> on 2025-11-15 19:03:07.968102+00:00
[2025-11-15T19:03:09.093+0000] {standard_task_runner.py:104} INFO - Running: ['***', 'tasks', 'run', 'rodar_script_php', 'executar_php', 'manual__2025-11-15T19:03:07.968102+00:00', '--job-id', '17', '--raw', '--subdir', 'DAGS_FOLDER/php_dag.py', '--cfg-path', '/tmp/tmp17d4lm4r']
[2025-11-15T19:03:09.095+0000] {standard_task_runner.py:105} INFO - Job 17: Subtask executar_php
[2025-11-15T19:03:09.095+0000] {logging_mixin.py:190} WARNING - /home/***/.local/lib/python3.12/site-packages/***/task/task_runner/standard_task_runner.py:70 DeprecationWarning: This process (pid=181) is multi-threaded, use of fork() may lead to deadlocks in the child.
[2025-11-15T19:03:09.096+0000] {standard_task_runner.py:72} INFO - Started process 182 to run task
[2025-11-15T19:03:09.133+0000] {task_command.py:467} INFO - Running <TaskInstance: rodar_script_php.executar_php manual__2025-11-15T19:03:07.968102+00:00 [running]> on host 38a5b4c944bb
[2025-11-15T19:03:09.194+0000] {taskinstance.py:3131} INFO - Exporting env vars: AIRFLOW_CTX_DAG_OWNER='***' AIRFLOW_CTX_DAG_ID='rodar_script_php' AIRFLOW_CTX_TASK_ID='executar_php' AIRFLOW_CTX_EXECUTION_DATE='2025-11-15T19:03:07.968102+00:00' AIRFLOW_CTX_TRY_NUMBER='1' AIRFLOW_CTX_DAG_RUN_ID='manual__2025-11-15T19:03:07.968102+00:00'
[2025-11-15T19:03:09.194+0000] {taskinstance.py:731} INFO - ::endgroup::
[2025-11-15T19:03:09.246+0000] {docker.py:367} INFO - Starting docker container from image php-runner:latest
[2025-11-15T19:03:09.517+0000] {docker.py:438} INFO - Executando script PHP dentro do Airflow via DockerOperator...
[2025-11-15T19:03:09.518+0000] {docker.py:438} INFO - Processamento finalizado em: 2025-11-15 19:03:09
[2025-11-15T19:03:09.720+0000] {taskinstance.py:340} INFO - ::group::Post task execution logs
[2025-11-15T19:03:09.721+0000] {taskinstance.py:352} INFO - Marking task as SUCCESS. dag_id=rodar_script_php, task_id=executar_php, run_id=manual__2025-11-15T19:03:07.968102+00:00, execution_date=20251115T190307, start_date=20251115T190309, end_date=20251115T190309
[2025-11-15T19:03:09.752+0000] {local_task_job_runner.py:266} INFO - Task exited with return code 0
[2025-11-15T19:03:09.763+0000] {taskinstance.py:3900} INFO - 0 downstream tasks scheduled from follow-on schedule check
[2025-11-15T19:03:09.764+0000] {local_task_job_runner.py:245} INFO - ::endgroup::
